// Jest Snapshot v1, https://goo.gl/fbAQLP

exports[`User API tests should get a specific user by ID 1`] = `
{
  "userWithoutPassword": {
    "__v": 0,
    "_id": "667eda4a47ec55327955977b",
    "companyName": "false",
    "createdAt": "2024-06-28T15:44:10.877Z",
    "creditLimit": 0,
    "email": "rizwan1@gmail.com",
    "name": "Rizwan Ahmed",
    "profilePic": "https://firebasestorage.googleapis.com/v0/b/ecotrack-decb2.appspot.com/o/f63d11f6-9b65-40ae-8039-1e8895fdac77.jpeg?alt=media&token=202ffef1-37c4-403b-85de-10e6145ed2d5",
    "rewardHistory": [],
    "role": "user",
    "updatedAt": "2024-06-29T03:34:10.688Z",
    "virtualCoins": 1,
  },
}
`;
